[?7h[255D[40m
[0;1m[26C[0;36;46mÛÛ[1m=[0;36;46mÛÛ[1mS[0;36;46mÛ[1mT[0;36;46mÛ[1mO[0;36;46mÛ[1mR[0;36;46mÛ[1mM[0;36;46mÛ[1mB[0;36;46mÛ[1mA[0;36;46mÛ[1mS[0;36;46mÛ[1mE[0;36;46mÛÛ[1m=[0;36;46mÛÛ[40m

[14C[1mีอออออออออออออออออออออออออออออออออออออออออออออออออธ
[14Cณ[9C[35mณ[8Cณ[11Cณ[8Cณ[9C[36mณ
[14Cณ[35mอออออออออออออออออออออออออออออออออออออออออออออออออ[36mณ
[14Cณ [37mCurrent Message Base:[27C[36mณ
[14Cณ[35mอออออออออออออออออออออออออออออออออออออออออออออออออ[36mณ
[14Cณ[24C[35mณ[24C[36mณ
[14Cณ [0;36mÛ[1;46mN[0;36mÛ Read New Messages  [1;35mณ [0;36;46mÛ[1mS[0;36;46mÛ[1C[40mSelect Message Base[1mณ
[14Cณ[24C[35mณ[24C[36mณ
[14Cณ [0;36mÛ[1;46mR[0;36mÛ Read All Messages  [1;35mณ [0;36;46mÛ[1m[[0;36;46mÛ[1C[40mPrevious Base[6C[1mณ
[14Cณ[24C[35mณ[24C[36mณ
[14Cณ [0;36mÛ[1;46mP[0;36mÛ Post New Message   [1;35mณ [0;36;46mÛ[1m][0;36;46mÛ[1C[40mNext Base[10C[1mณ
[14Cณ[24C[35mณ[24C[36mณ
[14Cณ [0;36mÛ[1;46mE[0;36mÛ Edit My Profile    [1;35mณ[24C[36mณ
[14Cณ[24C[35mณ[24C[36mณ
[14Cณ [0;36;46mÛ[1mQ[0;36;46mÛ[1C[40mQuit[15C[1;35mณ [0;36;46mÛ[1mA[0;36;46mÛ[1C[40mAbout StormBase    [1mณ
[14Cณ[24C[35mณ[24C[36mณ
[14Cณ[35mอออออออออออออออออออออออออออออออออออออออออออออออออ[36mณ
[14Cณ [37mYour Choice (N,R,P,E,S,[,],Q,A):[16C[36mณ
[14Cิอออออออออออออออออออออออออออออออออออออออออออออออออพ